// Jest Snapshot v1, https://goo.gl/fbAQLP

exports[`Photo renders correctly 1`] = `
<div
  className="photo_container"
  onClick={[Function]}
>
  <span
    style={
      Object {
        "background": "none",
        "border": 0,
        "boxSizing": "border-box",
        "display": "inline-block",
        "height": "initial",
        "margin": 0,
        "maxWidth": "100%",
        "opacity": 1,
        "overflow": "hidden",
        "padding": 0,
        "position": "relative",
        "width": "initial",
      }
    }
  >
    <span
      style={
        Object {
          "background": "none",
          "border": 0,
          "boxSizing": "border-box",
          "display": "block",
          "height": "initial",
          "margin": 0,
          "maxWidth": "100%",
          "opacity": 1,
          "padding": 0,
          "width": "initial",
        }
      }
    >
      <img
        alt=""
        aria-hidden={true}
        src="data:image/svg+xml,%3csvg%20xmlns=%27http://www.w3.org/2000/svg%27%20version=%271.1%27%20width=%275304%27%20height=%276630%27/%3e"
        style={
          Object {
            "background": "none",
            "border": 0,
            "display": "block",
            "height": "initial",
            "margin": 0,
            "maxWidth": "100%",
            "opacity": 1,
            "padding": 0,
            "width": "initial",
          }
        }
      />
    </span>
    <img
      alt="THE DESERT
Photo by : Pouriya Kafaei"
      data-nimg="intrinsic"
      decoding="async"
      onError={[Function]}
      onLoad={[Function]}
      src="data:image/gif;base64,R0lGODlhAQABAIAAAAAAAP///yH5BAEAAAAALAAAAAABAAEAAAIBRAA7"
      style={
        Object {
          "backgroundImage": "url(\\"data:image/jpeg;base64,/9j/2wBDAAYEBQYFBAYGBQYHBwYIChAKCgkJChQODwwQFxQYGBcUFhYaHSUfGhsjHBYWICwgIyYnKSopGR8tMC0oMCUoKSj/2wBDAQcHBwoIChMKChMoGhYaKCgoKCgoKCgoKCgoKCgoKCgoKCgoKCgoKCgoKCgoKCgoKCgoKCgoKCgoKCgoKCgoKCj/wAARCAAHAAoDASIAAhEBAxEB/8QAFgABAQEAAAAAAAAAAAAAAAAAAAQH/8QAHhAAAQMFAQEAAAAAAAAAAAAAAQIDEQAEBRIhBpH/xAAUAQEAAAAAAAAAAAAAAAAAAAAD/8QAGBEBAAMBAAAAAAAAAAAAAAAAAQACMRH/2gAMAwEAAhEDEQA/ANacsPasXNw3j2MK8yokt3rjq0qQNhAKCkknWezEkQKnfwnvFPOFu7wGhUSmXbkGJ5zsfaUo2/dCIVTFn//Z\\")",
          "backgroundPosition": "0% 0%",
          "backgroundSize": "cover",
          "border": "none",
          "bottom": 0,
          "boxSizing": "border-box",
          "display": "block",
          "filter": "blur(20px)",
          "height": 0,
          "left": 0,
          "margin": "auto",
          "maxHeight": "100%",
          "maxWidth": "100%",
          "minHeight": "100%",
          "minWidth": "100%",
          "objectFit": undefined,
          "objectPosition": undefined,
          "padding": 0,
          "position": "absolute",
          "right": 0,
          "top": 0,
          "width": 0,
        }
      }
    />
    <noscript>
      <img
        alt="THE DESERT
Photo by : Pouriya Kafaei"
        data-nimg="intrinsic"
        decoding="async"
        loading="lazy"
        src=""
        style={
          Object {
            "border": "none",
            "bottom": 0,
            "boxSizing": "border-box",
            "display": "block",
            "height": 0,
            "left": 0,
            "margin": "auto",
            "maxHeight": "100%",
            "maxWidth": "100%",
            "minHeight": "100%",
            "minWidth": "100%",
            "objectFit": undefined,
            "objectPosition": undefined,
            "padding": 0,
            "position": "absolute",
            "right": 0,
            "top": 0,
            "width": 0,
          }
        }
      />
    </noscript>
  </span>
  <div
    className="photo_on_hover_content"
  >
    <span
      style={
        Object {
          "background": "none",
          "border": 0,
          "boxSizing": "border-box",
          "display": "inline-block",
          "height": "initial",
          "margin": 0,
          "maxWidth": "100%",
          "opacity": 1,
          "overflow": "hidden",
          "padding": 0,
          "position": "relative",
          "width": "initial",
        }
      }
    >
      <span
        style={
          Object {
            "background": "none",
            "border": 0,
            "boxSizing": "border-box",
            "display": "block",
            "height": "initial",
            "margin": 0,
            "maxWidth": "100%",
            "opacity": 1,
            "padding": 0,
            "width": "initial",
          }
        }
      >
        <img
          alt=""
          aria-hidden={true}
          src="data:image/svg+xml,%3csvg%20xmlns=%27http://www.w3.org/2000/svg%27%20version=%271.1%27%20width=%2745%27%20height=%2745%27/%3e"
          style={
            Object {
              "background": "none",
              "border": 0,
              "display": "block",
              "height": "initial",
              "margin": 0,
              "maxWidth": "100%",
              "opacity": 1,
              "padding": 0,
              "width": "initial",
            }
          }
        />
      </span>
      <img
        alt="user image"
        className="d-inline-block rounded-circle"
        data-nimg="intrinsic"
        decoding="async"
        onError={[Function]}
        onLoad={[Function]}
        src="data:image/gif;base64,R0lGODlhAQABAIAAAAAAAP///yH5BAEAAAAALAAAAAABAAEAAAIBRAA7"
        style={
          Object {
            "backgroundImage": "url(\\"data:image/jpeg;base64,/9j/2wBDAAYEBQYFBAYGBQYHBwYIChAKCgkJChQODwwQFxQYGBcUFhYaHSUfGhsjHBYWICwgIyYnKSopGR8tMC0oMCUoKSj/2wBDAQcHBwoIChMKChMoGhYaKCgoKCgoKCgoKCgoKCgoKCgoKCgoKCgoKCgoKCgoKCgoKCgoKCgoKCgoKCgoKCgoKCj/wAARCAAHAAoDASIAAhEBAxEB/8QAFgABAQEAAAAAAAAAAAAAAAAAAAQH/8QAHhAAAQMFAQEAAAAAAAAAAAAAAQIDEQAEBRIhBpH/xAAUAQEAAAAAAAAAAAAAAAAAAAAD/8QAGBEBAAMBAAAAAAAAAAAAAAAAAQACMRH/2gAMAwEAAhEDEQA/ANacsPasXNw3j2MK8yokt3rjq0qQNhAKCkknWezEkQKnfwnvFPOFu7wGhUSmXbkGJ5zsfaUo2/dCIVTFn//Z\\")",
            "backgroundPosition": "0% 0%",
            "backgroundSize": "cover",
            "border": "none",
            "bottom": 0,
            "boxSizing": "border-box",
            "display": "block",
            "filter": "blur(20px)",
            "height": 0,
            "left": 0,
            "margin": "auto",
            "maxHeight": "100%",
            "maxWidth": "100%",
            "minHeight": "100%",
            "minWidth": "100%",
            "objectFit": undefined,
            "objectPosition": undefined,
            "padding": 0,
            "position": "absolute",
            "right": 0,
            "top": 0,
            "width": 0,
          }
        }
      />
      <noscript>
        <img
          alt="user image"
          className="d-inline-block rounded-circle"
          data-nimg="intrinsic"
          decoding="async"
          loading="lazy"
          src="/_next/image?url=https%3A%2F%2Fimages.unsplash.com%2Fprofile-1605028582711-88e1234d9466image%3Fixlib%3Drb-1.2.1%26crop%3Dfaces%26fit%3Dcrop%26w%3D64%26h%3D64&w=96&q=75"
          srcSet="/_next/image?url=https%3A%2F%2Fimages.unsplash.com%2Fprofile-1605028582711-88e1234d9466image%3Fixlib%3Drb-1.2.1%26crop%3Dfaces%26fit%3Dcrop%26w%3D64%26h%3D64&w=48&q=75 1x, /_next/image?url=https%3A%2F%2Fimages.unsplash.com%2Fprofile-1605028582711-88e1234d9466image%3Fixlib%3Drb-1.2.1%26crop%3Dfaces%26fit%3Dcrop%26w%3D64%26h%3D64&w=96&q=75 2x"
          style={
            Object {
              "border": "none",
              "bottom": 0,
              "boxSizing": "border-box",
              "display": "block",
              "height": 0,
              "left": 0,
              "margin": "auto",
              "maxHeight": "100%",
              "maxWidth": "100%",
              "minHeight": "100%",
              "minWidth": "100%",
              "objectFit": undefined,
              "objectPosition": undefined,
              "padding": 0,
              "position": "absolute",
              "right": 0,
              "top": 0,
              "width": 0,
            }
          }
        />
      </noscript>
    </span>
    <p
      className="photo_on_hover_user_name"
    >
      pouriya kafaei
    </p>
  </div>
  <div
    onClick={[Function]}
  />
</div>
`;
